// Jest Snapshot v1, https://goo.gl/fbAQLP

exports[`RewardsProgram calculateRewards returns correct rewards for transactions 1`] = `Array []`;

exports[`RewardsProgram renders table with reward points after transactions are fetched 1`] = `
<table>
  <thead>
    <tr>
      <th>
        Name
      </th>
      <th>
        Total Points
      </th>
    </tr>
  </thead>
  <tbody />
</table>
`;

exports[`RewardsProgram sortingMonth returns correct months array for transactions 1`] = `
Array [
  "January",
]
`;
